
> backend@1.0.0 build
> tsc

src/services/routineOrchestrator.ts(80,15): error TS7022: 'routine' implicitly has type 'any' because it does not have a type annotation and is referenced directly or indirectly in its own initializer.
src/verify_features.ts(3,19): error TS2307: Cannot find module 'axios' or its corresponding type declarations.
