src/controllers/adminController.ts(16,21): error TS2353: Object literal may only specify known properties, and 'isApproved' does not exist in type '(Without<RoutineUpdateManyMutationInput, RoutineUncheckedUpdateManyInput> & RoutineUncheckedUpdateManyInput) | (Without<...> & RoutineUpdateManyMutationInput)'.
src/controllers/adminController.ts(38,43): error TS2353: Object literal may only specify known properties, and 'isApproved' does not exist in type 'RoutineWhereInput'.
src/controllers/adminController.ts(45,25): error TS2353: Object literal may only specify known properties, and 'isApproved' does not exist in type 'RoutineSelect<DefaultArgs>'.
src/controllers/adminController.ts(58,44): error TS2339: Property 'routines' does not exist on type '{ role: Role; email: string; name: string | null; lastName: string | null; passwordHash: string; isApproved: boolean; hasCompletedOnboarding: boolean; isDeleted: boolean; planExpiresAt: Date | null; ... 7 more ...; id: number; }'.
src/controllers/adminController.ts(58,58): error TS7006: Parameter 'r' implicitly has an 'any' type.
src/services/userService.ts(30,21): error TS2353: Object literal may only specify known properties, and 'isApproved' does not exist in type 'RoutineSelect<DefaultArgs>'.
