--- TEST ESTRATEGA MAESTRO ---
Perfil: {"objetivo":"bajar_peso","nivel":"principiante","lugar":"casa","salud":["rodilla","postparto"]}

--- RUTINA GENERADA ---

[REMO CON MANCUERNAS]

Dosis: 3 Series x 15-20 Reps (Descanso: 60s)
Enfoque: Dorsales
T├®cnica Correcta: 1. Ejecuci├│n :
Toma una mancuerna o botella en cada mano, con las palmas mirando hacia adentro (agarre neutro). Col├│cate de pie con los pies separados al ancho de las caderas. Flexione ligeramente las rodillas y lleve las caderas hacia atr├ís, inclinando el torso hacia adelante (aproximadamente a 45┬░), mientras mantiene la espalda recta. Deja que los brazos cuelguen hacia abajo, con las pesas frente a tus piernas. Desde esta posici├│n, tira de las mancuernas hacia tu abdomen, llevando los codos hacia atr├ís y manteni├®ndolos cerca del torso. Haz una pausa breve cuando las mancuernas lleguen a la altura de tus costillas, asegur├índote de contraer los om├│platos. Baje lentamente las mancuernas hasta la posici├│n inicial con control.
2. Tener en cuenta :
Mant├®n la espalda recta en todo momento; evita arquearla o encorvarla. Activa el core para estabilizar el cuerpo y mantener el equilibrio. Mantenga los codos pegados al torso durante el movimiento para activar los m├║sculos correctamente. El movimiento debe ser controlado tanto al subir como al bajar. Usa un peso adecuado que te permita realizar el ejercicio con buena t├®cnica. No equilibra el cuerpo ni utiliza impulso para levantar las pesas.
3. Qu├® trabajamos :
Principal : Dorsales (espalda). Secundario : Trapecios, romboides, deltoides posteriores y b├¡ceps. Estabilizaci├│n : Core y lumbares trabajan para mantener una postura adecuada.
Video Tutorial: https://usuario.emiliaentrenamiento.com/wp-content/uploads/2025/02/IMG_1239.mp4

---

[REMO CON BANDA]

Dosis: 3 Series x 15-20 Reps (Descanso: 60s)
Enfoque: Dorsal ancho
T├®cnica Correcta: 1. Ejecuci├│n :
Si├®ntete en el suelo con las piernas extendidas y la espalda recta. Pasa la banda el├ística alrededor de la planta de los pies y sujeta ambos extremos con las manos. Mantenga el n├║cleo activado y los codos ligeramente flexionados. Tira de la banda hacia tu torso, llevando los codos hacia atr├ís y juntando los om├│platos. Mantenga la contracci├│n por un segundo en la posici├│n final. Regrese lentamente a la posici├│n inicial con control.
2. Tener en cuenta :
Mant├®n la espalda recta y evita encorvarte. No dejes que los codos se once demasiado; Deben ir alineados con el torso. Controla la fase exc├®ntrica (cuando vuelves a la posici├│n inicial) para maximizar el trabajo muscular. Si la banda es muy floja, ajusta la resistencia enrol├índola en las manos o eligiendo una m├ís fuerte. Exhala al tirar de la banda e inhala al regresar a la posici├│n inicial.
3. Qu├® trabajamos :
Principal : Dorsal ancho y romboides. Secundario : Trapecio, deltoides posterior y b├¡ceps.
Video Tutorial: https://usuario.emiliaentrenamiento.com/wp-content/uploads/2025/04/IMG_8204.mp4

---

[REMO A UN BRAZO]

Dosis: 3 Series x 15-20 Reps (Descanso: 60s)
Enfoque: Dorsales
T├®cnica Correcta: 1. Ejecuci├│n:
Col├│cate de pie junto a un banco, una silla o una superficie estable para apoyarte. Sujeta una mancuerna o botella en una mano, con la palma mirando hacia tu cuerpo (agarre neutro). Apoya la rodilla y la mano contrarias sobre el banco para estabilizarte, manteniendo la espalda recta y el torso paralelo al suelo. Extiende el brazo que sostiene la mancuerna hacia abajo, permitiendo que el peso cuelgue frente a ti. Desde esta posici├│n, tira del peso hacia tu torso, llevando el codo hacia atr├ís y manteni├®ndolo cerca del cuerpo. Contrae los om├│platos en la parte superior del movimiento. Baja el peso lentamente hasta la posici├│n inicial con control.
2. Tener en cuenta:
Mant├®n la espalda recta durante todo el ejercicio; evita arquearla o encorvarla. Activa el core para mantener la estabilidad del torso. Lleva el codo hacia atr├ís en lugar de hacia los lados, para trabajar correctamente los m├║sculos de la espalda. No utilices impulso ni balanceo. Aseg├║rate de usar un peso adecuado. Mant├®n el cuello alineado con la columna para evitar tensiones innecesarias.
3. Qu├® trabajamos:
Principal: Dorsales (espalda). Secundario: Romboides, trapecios, deltoides posteriores y b├¡ceps. Estabilizaci├│n: Core y lumbares.
Video Tutorial: https://usuario.emiliaentrenamiento.com/wp-content/uploads/2025/02/IMG_1248.mp4

---

[EXTENSIONES DE TR├ìCEPS]

Dosis: 3 Series x 15-20 Reps (Descanso: 60s)
Enfoque: Tr├¡ceps braquial
T├®cnica Correcta: 1. Ejecuci├│n :
Inclina el torso ligeramente hacia adelante hacia mantener la espalda recta y el n├║cleo activado. Sujeta una mancuerna o botella en cada mano con un agarre neutral (palmas mir├índose entre s├¡). Flexione los codos a 90┬░, manteniendo los brazos pegados al torso. Extiende los codos completamente hacia atr├ís, manteniendo los brazos alineados con el torso. Mant├®n la contracci├│n en los tr├¡ceps por un segundo y luego regresa lentamente a la posici├│n inicial.
2. Tener en cuenta :
Mant├®n los codos fijos y evita que se muevan hacia adelante. No encorves la espalda; mantenga el torso firme y alineado. Usa un peso adecuado para realizar el movimiento con control. Exhala al extender los brazos e inhala al regresar a la posici├│n inicial. Mantenga un ritmo controlado para maximizar la activaci├│n muscular.
3. Qu├® trabajamos :
Principal : Tr├¡ceps braquial. Secundario : Deltoides posteriores y m├║sculos estabilizadores del core.
Video Tutorial: https://usuario.emiliaentrenamiento.com/wp-content/uploads/2025/03/Img-04941.mp4

---

[B├ìCEPS SENTADA]

Dosis: 3 Series x 15-20 Reps (Descanso: 60s)
Enfoque: B├¡ceps braquial
T├®cnica Correcta: 1. Ejecuci├│n :
Si├®ntete en una silla o banco con la espalda recta y los pies apoyados en el suelo. Sujeta una mancuerna o botella en cada mano con un agarre supino (palmas mirando hacia arriba). Mant├®n los codos pegados al torso y los brazos extendidos a los costados. Flexiona los codos y lleva las mancuernas o botellas hacia los hombros, manteniendo el movimiento controlado. Contrae los b├¡ceps en la parte superior del movimiento. Baja lentamente a la posici├│n inicial sin estirar completamente los brazos para mantener la tensi├│n en los m├║sculos.
2. Tener en cuenta :
Mantenga la espalda recta y el n├║cleo activado. No balancees el cuerpo para levantar el peso; usa solo la fuerza de los brazos. Controle tanto la subida como la bajada para maximizar la activaci├│n muscular. Exhala al subir e inhala al bajar. Usa un peso adecuado que te permita realizar el ejercicio con buena t├®cnica.
3. Qu├® trabajamos :
Principal : B├¡ceps braquial. Secundario : M├║sculos del antebrazo y deltoides anterior.
Video Tutorial: https://usuario.emiliaentrenamiento.com/wp-content/uploads/2025/04/Img-04661.mp4

---

[ABDOMINALES PIERNAS ESTIRADAS ARRIBA]
ÔØî AVISO: Si tienes di├ístasis o molestia en la cicatriz, sustituye por la variante segura.
Dosis: 3 Series x 15-20 Reps (Descanso: 60s)
Enfoque: Recto abdominal
T├®cnica Correcta: Ejecuci├│n:
Acu├®state boca arriba sobre una colchoneta con las piernas estiradas hacia arriba, formando un ├íngulo de 90 grados con el torso. Coloca las manos detr├ís de la cabeza o cruzadas sobre el pecho. Contrae el abdomen y eleva el torso hacia las piernas, asegur├índote de que la zona lumbar se mantenga estable en el suelo. Mant├®n la contracci├│n en la parte superior por 1-2 segundos y luego desciende lentamente sin dejar caer el torso de golpe.
Tener en cuenta:
No tires del cuello con las manos; el movimiento debe venir del abdomen. Mant├®n el control en todo momento, evitando el impulso. Exhala al subir y contraer el abdomen, inhala al bajar lentamente. Si sientes tensi├│n en la zona lumbar, flexiona ligeramente las rodillas para aliviar la carga.
Qu├® trabajamos:
Principal: Recto abdominal. Secundario: Transverso abdominal y oblicuos como estabilizadores.
Video Tutorial: https://usuario.emiliaentrenamiento.com/wp-content/uploads/2025/02/IMG_1241.mp4
